
> ai-feedback-system@1.0.0 build
> react-scripts build

Creating an optimized production build...
Failed to compile.

Unexpected end of JSON input


